// Vitest Snapshot v1, https://vitest.dev/guide/snapshot.html

exports[`create SelectedCurrencies snapshot 1`] = `
<DocumentFragment>
  <div
    class="selected-currency-container"
  />
</DocumentFragment>
`;

exports[`create a snapshot 1`] = `
<DocumentFragment>
  <div
    class="selected-currency-container"
  />
</DocumentFragment>
`;
